// Jest Snapshot v1, https://goo.gl/fbAQLP

exports[`VideoStatistics Component checks a snapshot 1`] = `
<div>
  <div
    class="mt-4 flex items-center"
  >
    <p
      class="flex items-center pr-4"
    >
      <svg
        class="h-5 w-5 mr-1"
        fill="none"
        height="16"
        stroke="currentColor"
        stroke-linecap="round"
        stroke-linejoin="round"
        stroke-width="2"
        viewBox="0 0 24 24"
        width="16"
        xmlns="http://www.w3.org/2000/svg"
      >
        <path
          d="M7 10v12"
        />
        <path
          d="M15 5.88 14 10h5.83a2 2 0 0 1 1.92 2.56l-2.33 8A2 2 0 0 1 17.5 22H4a2 2 0 0 1-2-2v-8a2 2 0 0 1 2-2h2.76a2 2 0 0 0 1.79-1.11L12 2h0a3.13 3.13 0 0 1 3 3.88Z"
        />
      </svg>
      100
    </p>
    <p
      class="flex items-center pr-4"
    >
      <svg
        class="h-5 w-5 mr-1"
        fill="none"
        height="16"
        stroke="currentColor"
        stroke-linecap="round"
        stroke-linejoin="round"
        stroke-width="2"
        viewBox="0 0 24 24"
        width="16"
        xmlns="http://www.w3.org/2000/svg"
      >
        <path
          d="M7 10v12"
        />
        <path
          d="M15 5.88 14 10h5.83a2 2 0 0 1 1.92 2.56l-2.33 8A2 2 0 0 1 17.5 22H4a2 2 0 0 1-2-2v-8a2 2 0 0 1 2-2h2.76a2 2 0 0 0 1.79-1.11L12 2h0a3.13 3.13 0 0 1 3 3.88Z"
        />
      </svg>
      20
    </p>
    <p
      class="flex items-center pr-4"
    >
      <svg
        class="h-5 w-5 mr-1"
        fill="none"
        height="16"
        stroke="currentColor"
        stroke-linecap="round"
        stroke-linejoin="round"
        stroke-width="2"
        viewBox="0 0 24 24"
        width="16"
        xmlns="http://www.w3.org/2000/svg"
      >
        <path
          d="M7 10v12"
        />
        <path
          d="M15 5.88 14 10h5.83a2 2 0 0 1 1.92 2.56l-2.33 8A2 2 0 0 1 17.5 22H4a2 2 0 0 1-2-2v-8a2 2 0 0 1 2-2h2.76a2 2 0 0 0 1.79-1.11L12 2h0a3.13 3.13 0 0 1 3 3.88Z"
        />
      </svg>
      1000
    </p>
  </div>
</div>
`;
